// Jest Snapshot v1, https://goo.gl/fbAQLP

exports[`renders correctly 1`] = `
<div>
  <header
    className=" "
  >
    <h1>
      Hvilket land vil du reise til?
    </h1>
  </header>
  <div
    className="content_box"
  >
    <div
      id="circle"
    >
      <a
        className="start_link"
        href="/country"
        onClick={[Function]}
      >
        <br />
        <img
          src="/Image/arrow.svg"
        />
        <div
          className="start_side"
        >
          Utforsk landene du kan reise til
        </div>
      </a>
    </div>
  </div>
</div>
`;
