// Jest Snapshot v1, https://goo.gl/fbAQLP

exports[`renders without crashing 1`] = `
<div
  className="country"
>
  <h1 />
  <p>
     
  </p>
  <div
    id="sound"
  >
    <audio
      controls={true}
    />
  </div>
  <div
    id="image_style"
  >
    <div
      id="image"
    >
      <img
        alt="img"
        src="undefined"
      />
    </div>
  </div>
  <br />
  <div
    id="like"
  >
    <div
      className="saved"
      onClick={[Function]}
    >
       
      <img
        alt="hjerte"
        height="20"
        src="./Image/photo_like/hjerte.png"
        width="25"
      />
    </div>
  </div>
</div>
`;
